
> luyenthichungchixd@1.0.0 build
> next build

node.exe : ΓÜá `eslint` configuration in next.config.ts is no 
longer supported. See more info here: https://nextjs.org/docs/app
/api-reference/cli/next#next-lint-options
At line:1 char:1
+ & "C:\Program Files\nodejs/node.exe" "C:\Program 
Files\nodejs/node_mo ...
+ ~~~~~~~~~~~~~~~~~~~~~~~~~~~~~~~~~~~~~~~~~~~~~~~~~~~~~~~~~~~~~~~
~~~~~~
    + CategoryInfo          : NotSpecified: (ΓÜá `eslint` 
co...xt-    lint-options:String) [], RemoteException
    + FullyQualifiedErrorId : NativeCommandError
 
ΓÜá Invalid next.config.ts options detected: 
ΓÜá     Unrecognized key(s) in object: 'eslint'
ΓÜá See more info here: 
https://nextjs.org/docs/messages/invalid-next-config
Γû▓ Next.js 16.1.4 (Turbopack)
- Environments: .env.local

ΓÜá The "middleware" file convention is deprecated. Please use 
"proxy" instead. Learn more: 
https://nextjs.org/docs/messages/middleware-to-proxy
  Creating an optimized production build ...
