next.config.ts(16,5): error TS2353: Object literal may only specify known properties, and 'eslint' does not exist in type 'NextConfig'.
